UnicodeDecodeError: 'utf-8' codec can't decode byte 0xb0 in position 0: invalid start byte
